// Vitest Snapshot v1, https://vitest.dev/guide/snapshot.html

exports[`snapshot match 1`] = `
<DocumentFragment>
  <li>
    <button>
      X
    </button>
  </li>
</DocumentFragment>
`;
